ASxxxx Linker V03.00/V05.40 + sdld,  page 1.
Hexadecimal  [32-Bits]

Area                                    Addr        Size        Decimal Bytes (Attributes)
--------------------------------        ----        ----        ------- ----- ------------
.  .ABS.                            00000000    00000000 =           0. bytes (ABS,CON)

      Value  Global                              Global Defined In Module
      -----  --------------------------------   ------------------------
     00000000  .__.ABS.                           
     00000000  _rRAMG                             
     00000000  l__BASE                         
     00000000  l__BSS                          
     00000000  l__CABS                         
     00000000  l__CODE_0                       
     00000000  l__CRASH_HEADER                 
     00000000  l__CRASH_SCRATCH                
     00000000  l__DABS                         
     00000000  l__HEADER                       
     00000000  l__HEADER_LCD                   
     00000000  l__HEADER_SIO                   
     00000000  l__HEADER_TIMER                 
     00000000  l__HEAP                         
     00000000  l__HEAP_END                     
     00000000  l__HRAM                         
     00000000  l__LIT                          
     00000000  s__CABS                         
     00000000  s__CRASH_HEADER                 
     00000000  s__CRASH_HEADER0                
     00000000  s__CRASH_HEADER1                
     00000000  s__CRASH_SCRATCH                
     00000000  s__CRASH_SCRATCH2               
     00000000  s__DABS                         
     00000000  s__HEADER                       
     00000000  s__HEADER0                      
     00000000  s__HEADER1                      
     00000000  s__HEADER10                     
     00000000  s__HEADER11                     
     00000000  s__HEADER2                      
     00000000  s__HEADER3                      
     00000000  s__HEADER4                      
     00000000  s__HEADER5                      
     00000000  s__HEADER6                      
     00000000  s__HEADER7                      
     00000000  s__HEADER8                      
     00000000  s__HEADER9                      
     00000000  s__HEADER_LCD                   
     00000000  s__HEADER_LCD0                  
     00000000  s__HEADER_SIO                   
     00000000  s__HEADER_SIO0                  
     00000000  s__HEADER_TIMER                 
     00000000  s__HEADER_TIMER0                
     00000000  s__HEADERa                      
     00000000  s__HEADERb                      
     00000000  s__HEADERc                      
     00000000  s__HEADERd                      
     00000000  s__HEADERe                      
     00000000  s__HEADERf                      
     00000000  s__HRAM                         
ASxxxx Linker V03.00/V05.40 + sdld,  page 2.
Hexadecimal  [32-Bits]

Area                                    Addr        Size        Decimal Bytes (Attributes)
--------------------------------        ----        ----        ------- ----- ------------
.  .ABS.                            00000000    00000000 =           0. bytes (ABS,CON)

      Value  Global                              Global Defined In Module
      -----  --------------------------------   ------------------------
     00000000  s__HRAM12                       
     00000001  ___bank_VM_SGB                     vm_sgb
     00000001  ___bank_actor_4_interact           actor_4_interact
     00000001  ___bank_bg_end_screen_tileset      bg_end_screen_tileset
     00000001  ___bank_bg_hagreveal_tileset       bg_hagreveal_tileset
     00000001  ___bank_bg_tower_tileset           bg_tower_tileset
     00000001  ___bank_scene_27_init              scene_27_init
     00000001  ___mute_mask_sound_legacy_2        sound_legacy_2
     00000001  ___mute_mask_sound_legacy_3        sound_legacy_3
     00000001  b_ui_draw_frame                    ui
     00000001  b_ui_draw_text_buffer_char         ui
     00000001  b_ui_init                          ui
     00000001  b_ui_load_tiles                    ui
     00000001  b_ui_run_menu                      ui
     00000001  b_ui_run_modal                     ui
     00000001  b_ui_set_start_tile                ui
     00000001  l__GSFINAL                      
     00000001  l__HEADER0                      
     00000001  l__HEADER5                      
     00000001  l__HEADERa                      
     00000001  l__HEADERb                      
     00000001  l__HEADERc                      
     00000001  l__HEADERe                      
     00000001  l__HEADERf                      
     00000002  ___bank_bg_flight1_tilemap_attr    bg_flight1_tilemap_attr
     00000002  ___bank_bg_landing_tileset         bg_landing_tileset
     00000002  ___bank_bg_monkey_fall_falling_t   bg_monkey_fall_falling_tiles
     00000002  ___bank_scene_0_triggers           scene_0_triggers
     00000002  b_erase_flash                      
     00000002  b_save_sram_banks                  
     00000002  l__HEADER10                     
     00000002  l__HEADER6                      
     00000002  l__HEADERd                      
     00000003  ___bank_bg_flight1_tilemap         bg_flight1_tilemap
     00000003  ___bank_bg_monkey_fall_final_til   bg_monkey_fall_final_tileset
     00000003  ___bank_bg_pause_screen_tileset    bg_pause_screen_tileset
     00000003  ___bank_bootstrap_script           
     00000003  ___bank_sprite_arzach_birb_tiles   sprite_arzach_birb_tileset
     00000003  l__HEADER9                      
     00000003  l__HEADER_LCD0                  
     00000003  l__HRAM12                       
     00000004  ___bank_VM_RTC                     vm_rtc
     00000004  ___bank_bg_picnic_tileset          bg_picnic_tileset
     00000004  ___bank_bg_platform_w_monke_tile   bg_platform_w_monke_tileset
     00000004  ___bank_scene_0_sprites            scene_0_sprites
     00000004  ___bank_scene_3_collisions         scene_3_collisions
     00000004  b_remove_LCD_ISRs                  interrupts
     00000004  b_vm_rtc_get                       vm_rtc
     00000004  b_vm_rtc_latch                     vm_rtc
     00000004  b_vm_rtc_set                       vm_rtc
     00000004  b_vm_rtc_start                     vm_rtc
ASxxxx Linker V03.00/V05.40 + sdld,  page 3.
Hexadecimal  [32-Bits]

Area                                    Addr        Size        Decimal Bytes (Attributes)
--------------------------------        ----        ----        ------- ----- ------------
.  .ABS.                            00000000    00000000 =           0. bytes (ABS,CON)

      Value  Global                              Global Defined In Module
      -----  --------------------------------   ------------------------
     00000004  l__CRASH_HEADER1                
     00000004  l__HEADER_SIO0                  
     00000004  l__HEADER_TIMER0                
     00000005  ___bank_VM_MAIN                    vm
     00000005  ___bank_actor_3_update             actor_3_update
     00000005  ___bank_bg_start_screen_tileset    bg_start_screen_tileset
     00000005  ___bank_bg_to_the_rope_you_go_ti   bg_to_the_rope_you_go_tilese
     00000005  ___bank_sprite_tentacles_tileset   sprite_tentacles_tileset
     00000005  ___bank_trigger_3_interact         trigger_3_interact
     00000005  b_script_detach_hthread            vm
     00000005  b_script_execute                   vm
     00000005  b_script_runner_init               vm
     00000005  b_script_terminate                 vm
     00000005  b_vm_call                          vm
     00000005  b_vm_call_far                      vm
     00000005  b_vm_get_indirect                  vm
     00000005  b_vm_get_int16                     vm
     00000005  b_vm_get_int8                      vm
     00000005  b_vm_get_tlocal                    vm
     00000005  b_vm_get_uint8                     vm
     00000005  b_vm_idle                          vm
     00000005  b_vm_if                            vm
     00000005  b_vm_if_const                      vm
     00000005  b_vm_init_rng                      vm
     00000005  b_vm_invoke                        vm
     00000005  b_vm_join                          vm
     00000005  b_vm_jump                          vm
     00000005  b_vm_lock                          vm
     00000005  b_vm_loop                          vm
     00000005  b_vm_memcpy                        vm
     00000005  b_vm_memset                        vm
     00000005  b_vm_poll_loaded                   vm
     00000005  b_vm_pop                           vm
     00000005  b_vm_push                          vm
     00000005  b_vm_push_reference                vm
     00000005  b_vm_push_value                    vm
     00000005  b_vm_push_value_ind                vm
     00000005  b_vm_raise                         vm
     00000005  b_vm_rand                          vm
     00000005  b_vm_reserve                       vm
     00000005  b_vm_ret                           vm
     00000005  b_vm_ret_far                       vm
     00000005  b_vm_set                           vm
     00000005  b_vm_set_const                     vm
     00000005  b_vm_set_const_int16               vm
     00000005  b_vm_set_const_int8                vm
     00000005  b_vm_set_indirect                  vm
     00000005  b_vm_set_int16                     vm
     00000005  b_vm_set_int8                      vm
     00000005  b_vm_set_uint8                     vm
     00000005  b_vm_terminate                     vm
ASxxxx Linker V03.00/V05.40 + sdld,  page 4.
Hexadecimal  [32-Bits]

Area                                    Addr        Size        Decimal Bytes (Attributes)
--------------------------------        ----        ----        ------- ----- ------------
.  .ABS.                            00000000    00000000 =           0. bytes (ABS,CON)

      Value  Global                              Global Defined In Module
      -----  --------------------------------   ------------------------
     00000005  b_vm_test_terminate                vm
     00000005  b_vm_unlock                        vm
     00000005  b_wait_frames                      vm
     00000005  l__CRASH_HEADER0                
     00000005  l__HEADER1                      
     00000006  ___bank_bg_woman_creeping_tilese   bg_woman_creeping_tileset
     00000006  ___bank_font_gbs_mono              font_gbs_mono
     00000006  b_SIO_init                         sio
     00000006  b_itoa_fmt                         vm_ui_a
     00000006  b_platform_init                    platform
     00000006  b_platform_update                  platform
     00000006  b_projectile_launch                projectiles
     00000006  b_projectiles_init                 projectiles
     00000006  l__HEADER8                      
     00000007  ___bank_ACTOR                      actor
     00000007  ___bank_VM_ACTOR                   vm_actor
     00000007  ___bank_actor_10_update            actor_10_update
     00000007  ___bank_bg_flight1_tileset         bg_flight1_tileset
     00000007  ___bank_bg_skeleton_tilemap        bg_skeleton_tilemap
     00000007  b_activate_actor                   actor
     00000007  b_activate_actors_in_col           actor
     00000007  b_activate_actors_in_row           actor
     00000007  b_actor_at_tile                    actor
     00000007  b_actor_get_frame_offset           actor
     00000007  b_actor_in_front_of_player         actor
     00000007  b_actor_overlapping_bb             actor
     00000007  b_actor_overlapping_player         actor
     00000007  b_actor_set_anim_idle              actor
     00000007  b_actor_set_anim_moving            actor
     00000007  b_actor_set_dir                    actor
     00000007  b_actor_set_frame_offset           actor
     00000007  b_actor_set_frames                 actor
     00000007  b_actors_handle_player_collision   actor
     00000007  b_actors_init                      actor
     00000007  b_check_collision_in_direction     actor
     00000007  b_deactivate_actor                 actor
     00000007  b_player_init                      actor
     00000007  b_vm_actor_activate                vm_actor
     00000007  b_vm_actor_begin_update            vm_actor
     00000007  b_vm_actor_deactivate              vm_actor
     00000007  b_vm_actor_emote                   vm_actor
     00000007  b_vm_actor_get_angle               vm_actor
     00000007  b_vm_actor_get_anim_frame          vm_actor
     00000007  b_vm_actor_get_dir                 vm_actor
     00000007  b_vm_actor_get_pos                 vm_actor
     00000007  b_vm_actor_move_cancel             vm_actor
     00000007  b_vm_actor_move_to                 vm_actor
     00000007  b_vm_actor_replace_tile            vm_actor
     00000007  b_vm_actor_set_anim                vm_actor
     00000007  b_vm_actor_set_anim_frame          vm_actor
     00000007  b_vm_actor_set_anim_set            vm_actor
ASxxxx Linker V03.00/V05.40 + sdld,  page 5.
Hexadecimal  [32-Bits]

Area                                    Addr        Size        Decimal Bytes (Attributes)
--------------------------------        ----        ----        ------- ----- ------------
.  .ABS.                            00000000    00000000 =           0. bytes (ABS,CON)

      Value  Global                              Global Defined In Module
      -----  --------------------------------   ------------------------
     00000007  b_vm_actor_set_anim_tick           vm_actor
     00000007  b_vm_actor_set_bounds              vm_actor
     00000007  b_vm_actor_set_dir                 vm_actor
     00000007  b_vm_actor_set_flags               vm_actor
     00000007  b_vm_actor_set_move_speed          vm_actor
     00000007  b_vm_actor_set_pos                 vm_actor
     00000007  b_vm_actor_set_spritesheet         vm_actor
     00000007  b_vm_actor_set_spritesheet_by_re   vm_actor
     00000007  b_vm_actor_terminate_update        vm_actor
     00000007  l__HEADER2                      
     00000008  ___bank_VM_CAMERA                  vm_camera
     00000008  ___bank_bg_skeleton_back_tilemap   bg_skeleton_back_tilemap_att
     00000008  ___bank_bg_tentacle_bio_02_tilem   bg_tentacle_bio_02_tilemap
     00000008  ___bank_bg_tentacle_bio_02_tilem   bg_tentacle_bio_02_tilemap_a
     00000008  ___bank_scene_0_collisions         scene_0_collisions
     00000008  ___bank_scene_12_sprites           scene_12_sprites
     00000008  ___bank_scene_4_collisions         scene_4_collisions
     00000008  ___bank_sprite_arzach_birb         sprite_arzach_birb
     00000008  ___mute_mask_sound_legacy_0        sound_legacy_0
     00000008  ___mute_mask_sound_legacy_1        sound_legacy_1
     00000008  b_camera_shake_frames              vm_camera
     00000008  b_vm_camera_move_to                vm_camera
     00000008  b_vm_camera_set_pos                vm_camera
     00000008  l__HEADER3                      
     00000009  ___bank_bg_skeleton_back_tilemap   bg_skeleton_back_tilemap
     00000009  ___bank_bg_tentacle_bio_02_tiles   bg_tentacle_bio_02_tileset
     00000009  ___bank_bg_towerin_wip_tileset     bg_towerin_wip_tileset
     00000009  ___bank_bg_towertop_wip_tileset    bg_towertop_wip_tileset
     00000009  ___bank_scene_15_p_hit1            scene_15_p_hit1
     00000009  ___bank_scene_15_sprites           scene_15_sprites
     00000009  ___bank_scene_8_collisions         scene_8_collisions
     00000009  b_do_load_palette                  data_manager
     00000009  b_load_background                  data_manager
     00000009  b_load_bkg_tileset                 data_manager
     00000009  b_load_bounds                      data_manager
     00000009  b_load_emote                       data_manager
     00000009  b_load_init                        data_manager
     00000009  b_load_player                      data_manager
     00000009  b_load_scene                       data_manager
     00000009  b_load_sprite                      data_manager
     0000000A  ___bank_VM_GAMEBOY                 vm_gameboy
     0000000A  ___bank_VM_UI                      vm_ui
     0000000A  ___bank_bg_skeleton_back_tileset   bg_skeleton_back_tileset
     0000000A  ___bank_bg_skeleton_tileset        bg_skeleton_tileset
     0000000A  ___bank_scene_1_triggers           scene_1_triggers
     0000000A  ___bank_sprite_tentacles           sprite_tentacles
     0000000A  b_adventure_init                   adventure
     0000000A  b_adventure_update                 adventure
     0000000A  b_core_reset                       core
     0000000A  b_core_run                         core
     0000000A  b_scroll_init                      scroll
ASxxxx Linker V03.00/V05.40 + sdld,  page 6.
Hexadecimal  [32-Bits]

Area                                    Addr        Size        Decimal Bytes (Attributes)
--------------------------------        ----        ----        ------- ----- ------------
.  .ABS.                            00000000    00000000 =           0. bytes (ABS,CON)

      Value  Global                              Global Defined In Module
      -----  --------------------------------   ------------------------
     0000000A  b_scroll_repaint                   scroll
     0000000A  b_scroll_reset                     scroll
     0000000A  b_scroll_update                    scroll
     0000000A  b_shmup_init                       shmup
     0000000A  b_shmup_update                     shmup
     0000000A  b_topdown_init                     topdown
     0000000A  b_topdown_update                   topdown
     0000000A  b_vm_choice                        vm_ui
     0000000A  b_vm_context_prepare               vm_gameboy
     0000000A  b_vm_display_text                  vm_ui
     0000000A  b_vm_fade                          vm_gameboy
     0000000A  b_vm_get_tile_xy                   vm_gameboy
     0000000A  b_vm_input_attach                  vm_gameboy
     0000000A  b_vm_input_detach                  vm_gameboy
     0000000A  b_vm_input_get                     vm_gameboy
     0000000A  b_vm_input_wait                    vm_gameboy
     0000000A  b_vm_load_tiles                    vm_gameboy
     0000000A  b_vm_load_tileset                  vm_gameboy
     0000000A  b_vm_overlay_clear                 vm_ui
     0000000A  b_vm_overlay_move_to               vm_ui
     0000000A  b_vm_overlay_scroll                vm_ui
     0000000A  b_vm_overlay_set_map               vm_ui
     0000000A  b_vm_overlay_set_scroll            vm_ui
     0000000A  b_vm_overlay_set_submap            vm_ui
     0000000A  b_vm_overlay_set_submap_ex         vm_ui
     0000000A  b_vm_overlay_setpos                vm_ui
     0000000A  b_vm_overlay_show                  vm_ui
     0000000A  b_vm_overlay_wait                  vm_ui
     0000000A  b_vm_poll                          vm_gameboy
     0000000A  b_vm_replace_tile                  vm_gameboy
     0000000A  b_vm_replace_tile_xy               vm_gameboy
     0000000A  b_vm_rumble                        vm_gameboy
     0000000A  b_vm_set_font                      vm_ui
     0000000A  b_vm_set_sprite_mode               vm_gameboy
     0000000A  b_vm_set_sprites_visible           vm_gameboy
     0000000A  b_vm_set_text_sound                vm_ui
     0000000A  b_vm_switch_text_layer             vm_ui
     0000000A  b_vm_timer_prepare                 vm_gameboy
     0000000A  b_vm_timer_reset                   vm_gameboy
     0000000A  b_vm_timer_set                     vm_gameboy
     0000000A  b_vm_timer_stop                    vm_gameboy
     0000000B  ___bank_VM_PALETTE                 vm_palette
     0000000B  ___bank_VM_SIO                     vm_sio
     0000000B  ___bank_actor_12_interact          actor_12_interact
     0000000B  ___bank_actor_13_update            actor_13_update
     0000000B  ___bank_actor_2_update             actor_2_update
     0000000B  ___bank_bg_end_screen_tilemap      bg_end_screen_tilemap
     0000000B  ___bank_bg_end_screen_tilemap_at   bg_end_screen_tilemap_attr
     0000000B  ___bank_bg_placeholder_tilemap     bg_placeholder_tilemap
     0000000B  ___bank_bg_tower_tilemap           bg_tower_tilemap
     0000000B  ___bank_bg_towerin_wip_tilemap     bg_towerin_wip_tilemap
ASxxxx Linker V03.00/V05.40 + sdld,  page 7.
Hexadecimal  [32-Bits]

Area                                    Addr        Size        Decimal Bytes (Attributes)
--------------------------------        ----        ----        ------- ----- ------------
.  .ABS.                            00000000    00000000 =           0. bytes (ABS,CON)

      Value  Global                              Global Defined In Module
      -----  --------------------------------   ------------------------
     0000000B  ___bank_bg_towertop_wip_tilemap    bg_towertop_wip_tilemap
     0000000B  ___bank_scene_0_actors             scene_0_actors
     0000000B  ___bank_scene_10_collisions        scene_10_collisions
     0000000B  ___bank_scene_11_collisions        scene_11_collisions
     0000000B  ___bank_scene_12_collisions        scene_12_collisions
     0000000B  ___bank_scene_13_collisions        scene_13_collisions
     0000000B  ___bank_scene_14_collisions        scene_14_collisions
     0000000B  ___bank_scene_15_collisions        scene_15_collisions
     0000000B  ___bank_scene_16_collisions        scene_16_collisions
     0000000B  ___bank_scene_17_collisions        scene_17_collisions
     0000000B  ___bank_scene_19_collisions        scene_19_collisions
     0000000B  ___bank_scene_1_collisions         scene_1_collisions
     0000000B  ___bank_scene_20_collisions        scene_20_collisions
     0000000B  ___bank_scene_22_collisions        scene_22_collisions
     0000000B  ___bank_scene_23_collisions        scene_23_collisions
     0000000B  ___bank_scene_24_collisions        scene_24_collisions
     0000000B  ___bank_sprite_arzach_birb_with_   sprite_arzach_birb_with_cav_
     0000000B  b___HandleCrash_banked             
     0000000B  b_atan2                            math_atan2
     0000000B  b_data_clear                       load_save
     0000000B  b_data_init                        load_save
     0000000B  b_data_load                        load_save
     0000000B  b_data_peek                        load_save
     0000000B  b_data_save                        load_save
     0000000B  b_fade_applypalettechange          fade_manager
     0000000B  b_fade_in                          fade_manager
     0000000B  b_fade_in_modal                    fade_manager
     0000000B  b_fade_init                        fade_manager
     0000000B  b_fade_out                         fade_manager
     0000000B  b_fade_out_modal                   fade_manager
     0000000B  b_fade_setspeed                    fade_manager
     0000000B  b_fade_update                      fade_manager
     0000000B  b_gbprinter_detect                 gbprinter
     0000000B  b_gbprinter_print_overlay          gbprinter
     0000000B  b_pointnclick_init                 pointnclick
     0000000B  b_pointnclick_update               pointnclick
     0000000B  b_set_sgb_border                   sgb_border
     0000000B  b_trigger_activate_at              trigger
     0000000B  b_trigger_activate_at_intersecti   trigger
     0000000B  b_trigger_at_intersection          trigger
     0000000B  b_trigger_at_tile                  trigger
     0000000B  b_trigger_interact                 trigger
     0000000B  b_trigger_reset                    trigger
     0000000B  b_vm_load_palette                  vm_palette
     0000000B  b_vm_sio_exchange                  vm_sio
     0000000B  b_vm_sio_set_mode                  vm_sio
     0000000C  ___bank_VM_GBPRINTER               vm_gbprinter
     0000000C  ___bank_VM_LOAD_SAVE               vm_load_save
     0000000C  ___bank_VM_MATH                    vm_math
     0000000C  ___bank_VM_MUSIC                   vm_music
     0000000C  ___bank_VM_PROJECTILE              vm_projectiles
ASxxxx Linker V03.00/V05.40 + sdld,  page 8.
Hexadecimal  [32-Bits]

Area                                    Addr        Size        Decimal Bytes (Attributes)
--------------------------------        ----        ----        ------- ----- ------------
.  .ABS.                            00000000    00000000 =           0. bytes (ABS,CON)

      Value  Global                              Global Defined In Module
      -----  --------------------------------   ------------------------
     0000000C  ___bank_VM_SCENE                   vm_scene
     0000000C  ___bank_actor_11_update            actor_11_update
     0000000C  ___bank_actor_14_update            actor_14_update
     0000000C  ___bank_actor_15_update            actor_15_update
     0000000C  ___bank_actor_16_update            actor_16_update
     0000000C  ___bank_actor_17_update            actor_17_update
     0000000C  ___bank_actor_18_update            actor_18_update
     0000000C  ___bank_actor_19_update            actor_19_update
     0000000C  ___bank_actor_1_interact           actor_1_interact
     0000000C  ___bank_actor_20_update            actor_20_update
     0000000C  ___bank_actor_21_update            actor_21_update
     0000000C  ___bank_actor_22_update            actor_22_update
     0000000C  ___bank_actor_5_update             actor_5_update
     0000000C  ___bank_actor_6_update             actor_6_update
     0000000C  ___bank_actor_7_update             actor_7_update
     0000000C  ___bank_actor_8_update             actor_8_update
     0000000C  ___bank_actor_9_update             actor_9_update
     0000000C  ___bank_bg_end_screen              bg_end_screen
     0000000C  ___bank_bg_flight1                 bg_flight1
     0000000C  ___bank_bg_hagreveal               bg_hagreveal
     0000000C  ___bank_bg_landing                 bg_landing
     0000000C  ___bank_bg_monkey_fall_falling     bg_monkey_fall_falling
     0000000C  ___bank_bg_monkey_fall_final       bg_monkey_fall_final
     0000000C  ___bank_bg_pause_screen            bg_pause_screen
     0000000C  ___bank_bg_picnic                  bg_picnic
     0000000C  ___bank_bg_placeholder             bg_placeholder
     0000000C  ___bank_bg_placeholder_tileset     bg_placeholder_tileset
     0000000C  ___bank_bg_platform_w_monke        bg_platform_w_monke
     0000000C  ___bank_bg_skeleton                bg_skeleton
     0000000C  ___bank_bg_skeleton_back           bg_skeleton_back
     0000000C  ___bank_bg_start_screen            bg_start_screen
     0000000C  ___bank_bg_tentacle_bio_02         bg_tentacle_bio_02
     0000000C  ___bank_bg_to_the_rope_you_go      bg_to_the_rope_you_go
     0000000C  ___bank_bg_tower                   bg_tower
     0000000C  ___bank_bg_towerin_wip             bg_towerin_wip
     0000000C  ___bank_bg_towertop_wip            bg_towertop_wip
     0000000C  ___bank_bg_woman_creeping          bg_woman_creeping
     0000000C  ___bank_cursor_image               cursor_image
     0000000C  ___bank_frame_image                frame_image
     0000000C  ___bank_palette_0                  palette_0
     0000000C  ___bank_palette_1                  palette_1
     0000000C  ___bank_palette_2                  palette_2
     0000000C  ___bank_scene_0                    scene_0
     0000000C  ___bank_scene_0_init               scene_0_init
     0000000C  ___bank_scene_1                    scene_1
     0000000C  ___bank_scene_10                   scene_10
     0000000C  ___bank_scene_10_actors            scene_10_actors
     0000000C  ___bank_scene_10_init              scene_10_init
     0000000C  ___bank_scene_10_p_hit1            scene_10_p_hit1
     0000000C  ___bank_scene_10_projectiles       scene_10_projectiles
     0000000C  ___bank_scene_10_sprites           scene_10_sprites
ASxxxx Linker V03.00/V05.40 + sdld,  page 9.
Hexadecimal  [32-Bits]

Area                                    Addr        Size        Decimal Bytes (Attributes)
--------------------------------        ----        ----        ------- ----- ------------
.  .ABS.                            00000000    00000000 =           0. bytes (ABS,CON)

      Value  Global                              Global Defined In Module
      -----  --------------------------------   ------------------------
     0000000C  ___bank_scene_11                   scene_11
     0000000C  ___bank_scene_11_init              scene_11_init
     0000000C  ___bank_scene_12                   scene_12
     0000000C  ___bank_scene_12_actors            scene_12_actors
     0000000C  ___bank_scene_12_init              scene_12_init
     0000000C  ___bank_scene_12_p_hit1            scene_12_p_hit1
     0000000C  ___bank_scene_12_projectiles       scene_12_projectiles
     0000000C  ___bank_scene_12_triggers          scene_12_triggers
     0000000C  ___bank_scene_13                   scene_13
     0000000C  ___bank_scene_13_actors            scene_13_actors
     0000000C  ___bank_scene_13_init              scene_13_init
     0000000C  ___bank_scene_13_sprites           scene_13_sprites
     0000000C  ___bank_scene_14                   scene_14
     0000000C  ___bank_scene_14_init              scene_14_init
     0000000C  ___bank_scene_15                   scene_15
     0000000C  ___bank_scene_15_actors            scene_15_actors
     0000000C  ___bank_scene_15_init              scene_15_init
     0000000C  ___bank_scene_15_projectiles       scene_15_projectiles
     0000000C  ___bank_scene_15_triggers          scene_15_triggers
     0000000C  ___bank_scene_16                   scene_16
     0000000C  ___bank_scene_16_actors            scene_16_actors
     0000000C  ___bank_scene_16_init              scene_16_init
     0000000C  ___bank_scene_16_p_hit1            scene_16_p_hit1
     0000000C  ___bank_scene_16_projectiles       scene_16_projectiles
     0000000C  ___bank_scene_16_sprites           scene_16_sprites
     0000000C  ___bank_scene_17                   scene_17
     0000000C  ___bank_scene_17_init              scene_17_init
     0000000C  ___bank_scene_17_triggers          scene_17_triggers
     0000000C  ___bank_scene_19                   scene_19
     0000000C  ___bank_scene_19_init              scene_19_init
     0000000C  ___bank_scene_1_init               scene_1_init
     0000000C  ___bank_scene_20                   scene_20
     0000000C  ___bank_scene_20_init              scene_20_init
     0000000C  ___bank_scene_22                   scene_22
     0000000C  ___bank_scene_22_init              scene_22_init
     0000000C  ___bank_scene_23                   scene_23
     0000000C  ___bank_scene_23_init              scene_23_init
     0000000C  ___bank_scene_24                   scene_24
     0000000C  ___bank_scene_24_init              scene_24_init
     0000000C  ___bank_scene_25                   scene_25
     0000000C  ___bank_scene_25_collisions        scene_25_collisions
     0000000C  ___bank_scene_25_init              scene_25_init
     0000000C  ___bank_scene_26                   scene_26
     0000000C  ___bank_scene_26_collisions        scene_26_collisions
     0000000C  ___bank_scene_26_init              scene_26_init
     0000000C  ___bank_scene_27                   scene_27
     0000000C  ___bank_scene_27_actors            scene_27_actors
     0000000C  ___bank_scene_27_collisions        scene_27_collisions
     0000000C  ___bank_scene_27_projectiles       scene_27_projectiles
     0000000C  ___bank_scene_27_sprites           scene_27_sprites
     0000000C  ___bank_scene_28                   scene_28
ASxxxx Linker V03.00/V05.40 + sdld,  page 10.
Hexadecimal  [32-Bits]

Area                                    Addr        Size        Decimal Bytes (Attributes)
--------------------------------        ----        ----        ------- ----- ------------
.  .ABS.                            00000000    00000000 =           0. bytes (ABS,CON)

      Value  Global                              Global Defined In Module
      -----  --------------------------------   ------------------------
     0000000C  ___bank_scene_28_collisions        scene_28_collisions
     0000000C  ___bank_scene_28_init              scene_28_init
     0000000C  ___bank_scene_3                    scene_3
     0000000C  ___bank_scene_3_init               scene_3_init
     0000000C  ___bank_scene_3_triggers           scene_3_triggers
     0000000C  ___bank_scene_4                    scene_4
     0000000C  ___bank_scene_4_init               scene_4_init
     0000000C  ___bank_scene_4_triggers           scene_4_triggers
     0000000C  ___bank_scene_5                    scene_5
     0000000C  ___bank_scene_5_collisions         scene_5_collisions
     0000000C  ___bank_scene_5_init               scene_5_init
     0000000C  ___bank_scene_6                    scene_6
     0000000C  ___bank_scene_6_collisions         scene_6_collisions
     0000000C  ___bank_scene_6_init               scene_6_init
     0000000C  ___bank_scene_7                    scene_7
     0000000C  ___bank_scene_7_collisions         scene_7_collisions
     0000000C  ___bank_scene_7_init               scene_7_init
     0000000C  ___bank_scene_8                    scene_8
     0000000C  ___bank_scene_8_actors             scene_8_actors
     0000000C  ___bank_scene_8_init               scene_8_init
     0000000C  ___bank_scene_8_sprites            scene_8_sprites
     0000000C  ___bank_scene_8_triggers           scene_8_triggers
     0000000C  ___bank_scene_9                    scene_9
     0000000C  ___bank_scene_9_collisions         scene_9_collisions
     0000000C  ___bank_scene_9_init               scene_9_init
     0000000C  ___bank_script_engine_init         
     0000000C  ___bank_script_input_0             script_input_0
     0000000C  ___bank_script_timer_0             script_timer_0
     0000000C  ___bank_script_timer_1             script_timer_1
     0000000C  ___bank_script_timer_2             script_timer_2
     0000000C  ___bank_script_timer_3             script_timer_3
     0000000C  ___bank_script_timer_4             script_timer_4
     0000000C  ___bank_sound_legacy_0             sound_legacy_0
     0000000C  ___bank_sound_legacy_1             sound_legacy_1
     0000000C  ___bank_sound_legacy_2             sound_legacy_2
     0000000C  ___bank_sound_legacy_3             sound_legacy_3
     0000000C  ___bank_sprite_actor               sprite_actor
     0000000C  ___bank_sprite_actor_animated      sprite_actor_animated
     0000000C  ___bank_sprite_actor_animated_ti   sprite_actor_animated_tilese
     0000000C  ___bank_sprite_actor_tileset       sprite_actor_tileset
     0000000C  ___bank_sprite_arzach              sprite_arzach
     0000000C  ___bank_sprite_arzach_birb_with_   sprite_arzach_birb_with_cav
     0000000C  ___bank_sprite_arzach_tileset      sprite_arzach_tileset
     0000000C  ___bank_sprite_caveman             sprite_caveman
     0000000C  ___bank_sprite_caveman_tileset     sprite_caveman_tileset
     0000000C  ___bank_sprite_dangling_caveman    sprite_dangling_caveman
     0000000C  ___bank_sprite_dangling_caveman_   sprite_dangling_caveman_tile
     0000000C  ___bank_sprite_hag                 sprite_hag
     0000000C  ___bank_sprite_hag_tileset         sprite_hag_tileset
     0000000C  ___bank_sprite_rock                sprite_rock
     0000000C  ___bank_sprite_rock_tileset        sprite_rock_tileset
ASxxxx Linker V03.00/V05.40 + sdld,  page 11.
Hexadecimal  [32-Bits]

Area                                    Addr        Size        Decimal Bytes (Attributes)
--------------------------------        ----        ----        ------- ----- ------------
.  .ABS.                            00000000    00000000 =           0. bytes (ABS,CON)

      Value  Global                              Global Defined In Module
      -----  --------------------------------   ------------------------
     0000000C  ___bank_sprite_rope                sprite_rope
     0000000C  ___bank_sprite_rope_tileset        sprite_rope_tileset
     0000000C  ___bank_spritesheet_none           spritesheet_none
     0000000C  ___bank_trigger_0_interact         trigger_0_interact
     0000000C  ___bank_trigger_1_interact         trigger_1_interact
     0000000C  ___bank_trigger_2_interact         trigger_2_interact
     0000000C  ___bank_trigger_4_interact         trigger_4_interact
     0000000C  ___bank_trigger_5_interact         trigger_5_interact
     0000000C  ___bank_trigger_6_interact         trigger_6_interact
     0000000C  ___bank_trigger_9_interact         trigger_9_interact
     0000000C  __start_save                    
     0000000C  b_CGBZeroPalette                   palette
     0000000C  b_camera_init                      camera
     0000000C  b_camera_reset                     camera
     0000000C  b_events_init                      events
     0000000C  b_input_init                       input
     0000000C  b_logo_init                        logo
     0000000C  b_logo_update                      logo
     0000000C  b_music_events_poll                music_manager
     0000000C  b_music_init_driver                music_manager
     0000000C  b_music_init_events                music_manager
     0000000C  b_palette_init                     palette
     0000000C  b_parallax_init                    parallax
     0000000C  b_restore_sram                     flasher
     0000000C  b_restore_sram_bank                flasher
     0000000C  b_save_sram                        flasher
     0000000C  b_scroll_rect                      
     0000000C  b_timers_init                      events
     0000000C  b_vm_cos_scale                     vm_math
     0000000C  b_vm_music_mute                    vm_music
     0000000C  b_vm_music_play                    vm_music
     0000000C  b_vm_music_routine                 vm_music
     0000000C  b_vm_music_setpos                  vm_music
     0000000C  b_vm_music_stop                    vm_music
     0000000C  b_vm_print_detect                  vm_gbprinter
     0000000C  b_vm_print_overlay                 vm_gbprinter
     0000000C  b_vm_projectile_launch             vm_projectiles
     0000000C  b_vm_projectile_load_type          vm_projectiles
     0000000C  b_vm_save_clear                    vm_load_save
     0000000C  b_vm_save_peek                     vm_load_save
     0000000C  b_vm_scene_pop                     vm_scene
     0000000C  b_vm_scene_pop_all                 vm_scene
     0000000C  b_vm_scene_push                    vm_scene
     0000000C  b_vm_scene_stack_reset             vm_scene
     0000000C  b_vm_sfx_play                      vm_music
     0000000C  b_vm_sin_scale                     vm_math
     0000000C  b_vm_sound_mastervol               vm_music
     0000001A  l__INITIALIZED                  
     0000001A  l__INITIALIZER                  
     00000027  l__GSINIT                       
     00000030  l__HEADER7                      
ASxxxx Linker V03.00/V05.40 + sdld,  page 12.
Hexadecimal  [32-Bits]

Area                                    Addr        Size        Decimal Bytes (Attributes)
--------------------------------        ----        ----        ------- ----- ------------
.  .ABS.                            00000000    00000000 =           0. bytes (ABS,CON)

      Value  Global                              Global Defined In Module
      -----  --------------------------------   ------------------------
     00000060  l__HEADER4                      
     000000AB  l__HEADER11                     
     000001CB  l__CRASH_SCRATCH2               
     00000200  s__CODE                         
     00000ECB  l__CODE                         
     000010CB  s__HOME                         
     00001992  l__DATA                         
     00002000  _rROMB0                            
     00002AAB  l__HOME                         
     00003000  _rROMB1                            
     000038EA  l__CODE_12                      
     00003B76  s__BASE                         
     00003B76  s__CODE_0                       
     00003B76  s__INITIALIZER                  
     00003B76  s__LIT                          
     00003B90  s__GSINIT                       
     00003BB7  s__GSFINAL                      
     00003FFE  l__CODE_6                       
     00003FFF  l__CODE_1                       
     00003FFF  l__CODE_3                       
     00004000  _RTC_SELECT_REG                    vm_rtc
     00004000  _rRAMB                             
     00004000  l__CODE_10                      
     00004000  l__CODE_11                      
     00004000  l__CODE_2                       
     00004000  l__CODE_4                       
     00004000  l__CODE_5                       
     00004000  l__CODE_7                       
     00004000  l__CODE_8                       
     00004000  l__CODE_9                       
     00006000  _RTC_LATCH_REG                     vm_rtc
     00008000  __VRAM                             
     00008000  __VRAM8000                         
     00008800  __VRAM8800                         
     00009000  __VRAM9000                         
     00009800  __SCRN0                            
     00009C00  __SCRN1                            
     0000A000  _RTC_VALUE_REG                     vm_rtc
     0000A000  __SRAM                             
     0000C000  __RAM                              
     0000C000  _shadow_OAM                     
     0000C0A0  s__DATA                         
     0000D000  __RAMBANK                          
     0000DA32  s__BSS                          
     0000DA32  s__INITIALIZED                  
     0000DA4C  s__HEAP                         
     0000DA4C  s__HEAP_END                     
     0000DF00  .STACK                          
     0000DF00  _shadow_OAM2                       absolute
     0000DFA0  _BkgPalette                        absolute
     0000DFE0  _vwf_tile_data                     absolute
ASxxxx Linker V03.00/V05.40 + sdld,  page 13.
Hexadecimal  [32-Bits]

Area                                    Addr        Size        Decimal Bytes (Attributes)
--------------------------------        ----        ----        ------- ----- ------------
.  .ABS.                            00000000    00000000 =           0. bytes (ABS,CON)

      Value  Global                              Global Defined In Module
      -----  --------------------------------   ------------------------
     0000FE00  __OAMRAM                           
     0000FF00  _P1_REG                            
     0000FF00  __IO                               
     0000FF01  _SB_REG                            
     0000FF02  _SC_REG                            
     0000FF04  _DIV_REG                           
     0000FF05  _TIMA_REG                          
     0000FF06  _TMA_REG                           
     0000FF07  _TAC_REG                           
     0000FF0F  _IF_REG                            
     0000FF10  _NR10_REG                          
     0000FF11  _NR11_REG                          
     0000FF12  _NR12_REG                          
     0000FF13  _NR13_REG                          
     0000FF14  _NR14_REG                          
     0000FF16  _NR21_REG                          
     0000FF17  _NR22_REG                          
     0000FF18  _NR23_REG                          
     0000FF19  _NR24_REG                          
     0000FF1A  _NR30_REG                          
     0000FF1B  _NR31_REG                          
     0000FF1C  _NR32_REG                          
     0000FF1D  _NR33_REG                          
     0000FF1E  _NR34_REG                          
     0000FF20  _NR41_REG                          
     0000FF21  _NR42_REG                          
     0000FF22  _NR43_REG                          
     0000FF23  _NR44_REG                          
     0000FF24  _NR50_REG                          
     0000FF25  _NR51_REG                          
     0000FF26  _NR52_REG                          
     0000FF30  _AUD3WAVE                          
     0000FF30  _PCM_SAMPLE                        
     0000FF30  __AUD3WAVERAM                      
     0000FF40  _LCDC_REG                          
     0000FF41  _STAT_REG                          
     0000FF42  _SCY_REG                           
     0000FF43  _SCX_REG                           
     0000FF44  _LY_REG                            
     0000FF45  _LYC_REG                           
     0000FF46  _DMA_REG                           
     0000FF47  _BGP_REG                           
     0000FF48  _OBP0_REG                          
     0000FF49  _OBP1_REG                          
     0000FF4A  _WY_REG                            
     0000FF4B  _WX_REG                            
     0000FF4D  _KEY1_REG                          
     0000FF4F  _VBK_REG                           
     0000FF51  _HDMA1_REG                         
     0000FF52  _HDMA2_REG                         
     0000FF53  _HDMA3_REG                         
ASxxxx Linker V03.00/V05.40 + sdld,  page 14.
Hexadecimal  [32-Bits]

Area                                    Addr        Size        Decimal Bytes (Attributes)
--------------------------------        ----        ----        ------- ----- ------------
.  .ABS.                            00000000    00000000 =           0. bytes (ABS,CON)

      Value  Global                              Global Defined In Module
      -----  --------------------------------   ------------------------
     0000FF54  _HDMA4_REG                         
     0000FF55  _HDMA5_REG                         
     0000FF56  _RP_REG                            
     0000FF68  _BCPS_REG                          
     0000FF69  _BCPD_REG                          
     0000FF6A  _OCPS_REG                          
     0000FF6B  _OCPD_REG                          
     0000FF70  _SVBK_REG                          
     0000FF76  _PCM12_REG                         
     0000FF77  _PCM34_REG                         
     0000FF80  .refresh_OAM                    
     0000FF80  __HRAM                             
     0000FFFF  _IE_REG                            
     00014000  s__CODE_1                       
     00024000  s__CODE_2                       
     00034000  s__CODE_3                       
     00044000  s__CODE_4                       
     00054000  s__CODE_5                       
     00064000  s__CODE_6                       
     00074000  s__CODE_7                       
     00084000  s__CODE_8                       
     00094000  s__CODE_9                       
     000A4000  s__CODE_10                      
     000B4000  s__CODE_11                      
     000C4000  s__CODE_12                      
ASxxxx Linker V03.00/V05.40 + sdld,  page 15.
Hexadecimal  [32-Bits]

Area                                    Addr        Size        Decimal Bytes (Attributes)
--------------------------------        ----        ----        ------- ----- ------------
_CODE                               00000200    00000ECB =        3787. bytes (REL,CON)

      Value  Global                              Global Defined In Module
      -----  --------------------------------   ------------------------
     00000200  ___HandleCrash                     
     0000020A  _SIO_send_byte                     
     0000021D  _SIO_receive                       
     0000022E  _GetWinAddr                        
     00000236  _GetBkgAddr                        
     00000244  _state_init                        
     00000249  _state_update                      
     0000026B  _ui_time_masks                     
     00000273  _ui_print_shift_char               
     000002F6  _ui_draw_frame_row                 
     000002FF  .ui_draw_frame_row                 
     00000328  _script_cmds                       vm_instructions
     00000560  _save_signature                    game_signature
     00000564  _start_scene_x                     
     00000566  _start_scene_y                     
     00000568  _start_scene_dir                   
     00000569  _start_scene                       
     0000056C  _start_player_move_speed           
     0000056D  _start_player_anim_tick            
     0000056E  _ui_fonts                          
     00000571  _core_reset_hook                   main
     00000579  _main                              main
     00000581  _state_start_fns                   
     00000593  _state_update_fns                  
     000005A5  _hUGE_init                         hUGEDriver_obj
     000005A7  hUGE_init                          hUGEDriver_obj
     000005FD  _hUGE_mute_channel                 hUGEDriver_obj
     000005FF  hUGE_mute_channel                  hUGEDriver_obj
     0000084D  _hUGE_set_position                 hUGEDriver_obj
     0000084F  hUGE_set_position                  hUGEDriver_obj
     00000A14  _hUGE_dosound                      hUGEDriver_obj
     00000A14  hUGE_dosound                       hUGEDriver_obj
     00000D40  _get_vram_byte                     
     00000D48  _get_win_tile_xy                   
     00000D50  _get_bkg_tile_xy                   
     00000D77  _set_sprite_palette                CGB
     00000D7C  _set_bkg_palette                   CGB
     00000D7F  .set_palette                       CGB
     00000D9E  _set_sprite_palette_entry          CGB
     00000DA3  _set_bkg_palette_entry             CGB
     00000DA6  .set_palette_entry                 CGB
     00000DC2  _hide_sprites_range                Metasprites
     00000DF1  __mulsuchar                        mul
     00000DF4  __muluschar                        mul
     00000DFD  __mulschar                         mul
     00000E05  __mulint                           mul
     00000E24  __muluchar                         mul
     00000E36  _set_vram_byte                     
     00000E3F  _set_win_tile_xy                   
     00000E47  _set_bkg_tile_xy                   
ASxxxx Linker V03.00/V05.40 + sdld,  page 16.
Hexadecimal  [32-Bits]

Area                                    Addr        Size        Decimal Bytes (Attributes)
--------------------------------        ----        ----        ------- ----- ------------
_CODE                               00000200    00000ECB =        3787. bytes (REL,CON)

      Value  Global                              Global Defined In Module
      -----  --------------------------------   ------------------------
     00000E71  .sgb_check                         
     00000E71  _sgb_check                         
     00000EB9  _sgb_transfer                      
     00000EBE  .sgb_transfer                      
     00000EFF  .copy_vram                         
     00000F05  _get_data                          
     00000F05  _set_data                          
     00000F05  _vmemcpy                           
     00000F53  ___move_metasprite                 Metasprites
     00000F90  ___memcpy                          
     00000F90  _memcpy                            
     00000FC2  _cpu_slow                          CGB
     00000FDD  _cpu_fast                          CGB
     00000FE4  __divsuchar                        divmod
     00000FEA  __modsuchar                        divmod
     00000FF3  __divuschar                        divmod
     00000FFC  __moduschar                        divmod
     00001008  __divschar                         divmod
     0000100D  __modschar                         divmod
     00001014  __divsint                          divmod
     0000101D  __modsint                          divmod
     00001029  __divuchar                         divmod
     0000102E  __moduchar                         divmod
     00001035  __divuint                          divmod
     0000103E  __moduint                          divmod
     0000104A  .div8                              divmod
     0000104A  .mod8                              divmod
     00001052  .div16                             divmod
     00001052  .mod16                             divmod
     00001088  .divu8                             divmod
     00001088  .modu8                             divmod
     0000108B  .divu16                            divmod
     0000108B  .modu16                            divmod

ASxxxx Linker V03.00/V05.40 + sdld,  page 17.
Hexadecimal  [32-Bits]

Area                                    Addr        Size        Decimal Bytes (Attributes)
--------------------------------        ----        ----        ------- ----- ------------
_HEADER0                            00000000    00000001 =           1. bytes (ABS,CON)

      Value  Global                              Global Defined In Module
      -----  --------------------------------   ------------------------
     00000020  .call_hl                           Runtime

ASxxxx Linker V03.00/V05.40 + sdld,  page 18.
Hexadecimal  [32-Bits]

Area                                    Addr        Size        Decimal Bytes (Attributes)
--------------------------------        ----        ----        ------- ----- ------------
_HEADER1                            00000000    00000005 =           5. bytes (ABS,CON)

      Value  Global                              Global Defined In Module
      -----  --------------------------------   ------------------------
     00000028  .MemsetSmall                       Runtime

ASxxxx Linker V03.00/V05.40 + sdld,  page 19.
Hexadecimal  [32-Bits]

Area                                    Addr        Size        Decimal Bytes (Attributes)
--------------------------------        ----        ----        ------- ----- ------------
_HEADER2                            00000000    00000007 =           7. bytes (ABS,CON)

      Value  Global                              Global Defined In Module
      -----  --------------------------------   ------------------------
     00000030  .MemcpySmall                       Runtime

ASxxxx Linker V03.00/V05.40 + sdld,  page 20.
Hexadecimal  [32-Bits]

Area                                    Addr        Size        Decimal Bytes (Attributes)
--------------------------------        ----        ----        ------- ----- ------------
_HEADER3                            00000000    00000008 =           8. bytes (ABS,CON)

      Value  Global                              Global Defined In Module
      -----  --------------------------------   ------------------------
ASxxxx Linker V03.00/V05.40 + sdld,  page 21.
Hexadecimal  [32-Bits]

Area                                    Addr        Size        Decimal Bytes (Attributes)
--------------------------------        ----        ----        ------- ----- ------------
_HEADER4                            00000000    00000060 =          96. bytes (ABS,CON)

      Value  Global                              Global Defined In Module
      -----  --------------------------------   ------------------------
     00000080  .int                               Runtime
     0000008F  _wait_int_handler                  Runtime
     0000009C  __standard_VBL_handler             Runtime
     000000AB  _refresh_OAM                       Runtime
     000000CC  _set_interrupts                    Runtime

ASxxxx Linker V03.00/V05.40 + sdld,  page 22.
Hexadecimal  [32-Bits]

Area                                    Addr        Size        Decimal Bytes (Attributes)
--------------------------------        ----        ----        ------- ----- ------------
_HEADER5                            00000000    00000001 =           1. bytes (ABS,CON)

      Value  Global                              Global Defined In Module
      -----  --------------------------------   ------------------------
ASxxxx Linker V03.00/V05.40 + sdld,  page 23.
Hexadecimal  [32-Bits]

Area                                    Addr        Size        Decimal Bytes (Attributes)
--------------------------------        ----        ----        ------- ----- ------------
_HEADER6                            00000000    00000002 =           2. bytes (ABS,CON)

      Value  Global                              Global Defined In Module
      -----  --------------------------------   ------------------------
ASxxxx Linker V03.00/V05.40 + sdld,  page 24.
Hexadecimal  [32-Bits]

Area                                    Addr        Size        Decimal Bytes (Attributes)
--------------------------------        ----        ----        ------- ----- ------------
_HEADER7                            00000000    00000030 =          48. bytes (ABS,CON)

      Value  Global                              Global Defined In Module
      -----  --------------------------------   ------------------------
ASxxxx Linker V03.00/V05.40 + sdld,  page 25.
Hexadecimal  [32-Bits]

Area                                    Addr        Size        Decimal Bytes (Attributes)
--------------------------------        ----        ----        ------- ----- ------------
_HEADER8                            00000000    00000006 =           6. bytes (ABS,CON)

      Value  Global                              Global Defined In Module
      -----  --------------------------------   ------------------------
ASxxxx Linker V03.00/V05.40 + sdld,  page 26.
Hexadecimal  [32-Bits]

Area                                    Addr        Size        Decimal Bytes (Attributes)
--------------------------------        ----        ----        ------- ----- ------------
_HEADER9                            00000000    00000003 =           3. bytes (ABS,CON)

      Value  Global                              Global Defined In Module
      -----  --------------------------------   ------------------------
ASxxxx Linker V03.00/V05.40 + sdld,  page 27.
Hexadecimal  [32-Bits]

Area                                    Addr        Size        Decimal Bytes (Attributes)
--------------------------------        ----        ----        ------- ----- ------------
_HEADERa                            00000000    00000001 =           1. bytes (ABS,CON)

      Value  Global                              Global Defined In Module
      -----  --------------------------------   ------------------------
ASxxxx Linker V03.00/V05.40 + sdld,  page 28.
Hexadecimal  [32-Bits]

Area                                    Addr        Size        Decimal Bytes (Attributes)
--------------------------------        ----        ----        ------- ----- ------------
_HEADERb                            00000000    00000001 =           1. bytes (ABS,CON)

      Value  Global                              Global Defined In Module
      -----  --------------------------------   ------------------------
ASxxxx Linker V03.00/V05.40 + sdld,  page 29.
Hexadecimal  [32-Bits]

Area                                    Addr        Size        Decimal Bytes (Attributes)
--------------------------------        ----        ----        ------- ----- ------------
_HEADERc                            00000000    00000001 =           1. bytes (ABS,CON)

      Value  Global                              Global Defined In Module
      -----  --------------------------------   ------------------------
ASxxxx Linker V03.00/V05.40 + sdld,  page 30.
Hexadecimal  [32-Bits]

Area                                    Addr        Size        Decimal Bytes (Attributes)
--------------------------------        ----        ----        ------- ----- ------------
_HEADERd                            00000000    00000002 =           2. bytes (ABS,CON)

      Value  Global                              Global Defined In Module
      -----  --------------------------------   ------------------------
ASxxxx Linker V03.00/V05.40 + sdld,  page 31.
Hexadecimal  [32-Bits]

Area                                    Addr        Size        Decimal Bytes (Attributes)
--------------------------------        ----        ----        ------- ----- ------------
_HEADERe                            00000000    00000001 =           1. bytes (ABS,CON)

      Value  Global                              Global Defined In Module
      -----  --------------------------------   ------------------------
ASxxxx Linker V03.00/V05.40 + sdld,  page 32.
Hexadecimal  [32-Bits]

Area                                    Addr        Size        Decimal Bytes (Attributes)
--------------------------------        ----        ----        ------- ----- ------------
_HEADERf                            00000000    00000001 =           1. bytes (ABS,CON)

      Value  Global                              Global Defined In Module
      -----  --------------------------------   ------------------------
ASxxxx Linker V03.00/V05.40 + sdld,  page 33.
Hexadecimal  [32-Bits]

Area                                    Addr        Size        Decimal Bytes (Attributes)
--------------------------------        ----        ----        ------- ----- ------------
_HEADER10                           00000000    00000002 =           2. bytes (ABS,CON)

      Value  Global                              Global Defined In Module
      -----  --------------------------------   ------------------------
ASxxxx Linker V03.00/V05.40 + sdld,  page 34.
Hexadecimal  [32-Bits]

Area                                    Addr        Size        Decimal Bytes (Attributes)
--------------------------------        ----        ----        ------- ----- ------------
_HEADER11                           00000000    000000AB =         171. bytes (ABS,CON)

      Value  Global                              Global Defined In Module
      -----  --------------------------------   ------------------------
     00000150  .reset                             Runtime
     00000150  _reset                             Runtime
     00000157  .code_start                        Runtime
     000001B9  _exit                              Runtime
     000001BD  .wait_vbl_done                     Runtime
     000001BD  _vsync                             Runtime
     000001BD  _wait_vbl_done                     Runtime
     000001CD  .remove_VBL                        Runtime
     000001CD  _remove_VBL                        Runtime
     000001D0  .remove_int                        Runtime
     000001ED  .add_VBL                           Runtime
     000001ED  _add_VBL                           Runtime
     000001F0  .add_int                           Runtime

ASxxxx Linker V03.00/V05.40 + sdld,  page 35.
Hexadecimal  [32-Bits]

Area                                    Addr        Size        Decimal Bytes (Attributes)
--------------------------------        ----        ----        ------- ----- ------------
_HOME                               000010CB    00002AAB =       10923. bytes (REL,CON)

      Value  Global                              Global Defined In Module
      -----  --------------------------------   ------------------------
     000010CB  .memset_simple                     Runtime
     000010D4  .memcpy_simple                     Runtime
     000010F1  .display_off                       Runtime
     000010F1  _display_off                       Runtime
     00001109  _actors_update                     actor
     00001508  _SetBankedBkgData                  bankdata
     00001524  _SetBankedSpriteData               bankdata
     00001540  _SetBankedBkgTiles                 bankdata
     0000155C  _SetBankedWinTiles                 bankdata
     00001578  _ReadBankedFarPtr                  bankdata
     0000159A  _ReadBankedUWORD                   bankdata
     000015B4  _MemcpyBanked                      bankdata
     000015D6  _MemcpyVRAMBanked                  bankdata
     00001605  _IndexOfFarPtr                     bankdata
     0000168A  _camera_update                     camera
     000017BD  _load_animations                   data_manager
     00001816  _events_update                     events
     000018E9  _timers_update                     events
     00001972  _input_update                      input
     00001995  .sio_ISR                           
     000019EF  .timer_ISR                         
     00001A04  _simple_LCD_isr                    interrupts
     00001A83  _fullscreen_LCD_isr                interrupts
     00001AAF  _VBL_isr                           interrupts
     00001AF9  _isqrt                             math
     00001B56  _sine_wave                         math
     00001C56  _dir_lookup                        math
     00001C5E  _dir_angle_lookup                  math
     00001C62  _hUGETrackerRoutine                music_manager
     00001C89  _music_events_update               music_manager
     00001D0B  _music_play_isr                    music_manager
     00001DAC  _parallax_LCD_isr                  parallax
     00001DE9  _projectiles_update                projectiles
     0000226A  _projectiles_render                projectiles
     000023BF  _scroll_load_pending_row           scroll
     00002445  _scroll_load_row                   scroll
     000024BA  _scroll_load_col                   scroll
     00002523  _scroll_load_pending_col           scroll
     000025AB  _set_bkg_submap                    
     000025EE  _set_xy_win_submap                 
     0000261B  .set_xy_win_submap                 
     00002624  .set_xy_bkg_submap                 
     00002633  .set_xy_submap                     
     0000267D  _sfx_play_isr                      sfx_player
     00002756  _on_SIO_receive                    sio
     00002797  _SIO_update                        sio
     000027FE  _ui_update                         ui
     00002936  _vm_sgb_transfer                   vm_sgb
     00002983  _vm_load_text                      vm_ui
     00002BD9  _vm_switch                         vm
ASxxxx Linker V03.00/V05.40 + sdld,  page 36.
Hexadecimal  [32-Bits]

Area                                    Addr        Size        Decimal Bytes (Attributes)
--------------------------------        ----        ----        ------- ----- ------------
_HOME                               000010CB    00002AAB =       10923. bytes (REL,CON)

      Value  Global                              Global Defined In Module
      -----  --------------------------------   ------------------------
     00002D0A  _vm_beginthread                    vm
     00002E2E  _vm_rpn                            vm
     00003607  _vm_get_far                        vm
     00003675  _vm_call_native                    vm
     00003688  _VM_STEP                           vm
     000036F2  _script_runner_update              vm
     00003857  _fill_win_rect                     
     00003869  _rand                              
     00003869  _randw                             
     00003894  _initrand                          
     00003896  .initrand                          
     0000389F  _get_bkg_data                      
     0000389F  _get_win_data                      
     000038EC  _get_sprite_data                   
     0000391F  _abs                               abs
     0000392E  _set_win_tiles                     
     00003942  _set_tile_data                     
     00003947  _set_bkg_data                      
     00003947  _set_win_data                      
     0000394F  _set_sprite_data                   
     0000397F  _reverse                           reverse
     000039B3  ___call__banked                    far_ptr
     000039D0  _to_far_ptr                        far_ptr
     00003A06  .add_LCD                           
     00003A06  _add_LCD                           
     00003A0C  .remove_LCD                        
     00003A0C  _remove_LCD                        
     00003A12  .fill_rect_wtt                     
     00003A1B  .fill_rect_btt                     
     00003A68  _fill_bkg_rect                     
     00003A7A  .padup                             
     00003A7A  _waitpadup                         
     00003A8A  .jpad                              
     00003A8A  _joypad                            
     00003AB2  _waitpad                           
     00003AB3  .wait_pad                          
     00003ABA  ___sdcc_call_hl                    call_hl
     00003ABB  _memset                            memset
     00003AEE  .set_xy_wtt                        SetTileMap
     00003AF7  .set_xy_btt                        SetTileMap
     00003B06  .set_xy_tt                         SetTileMap
     00003B48  ___sdcc_bcall_ehl                  
     00003B62  _set_bkg_tiles                     
ASxxxx Linker V03.00/V05.40 + sdld,  page 37.
Hexadecimal  [32-Bits]

Area                                    Addr        Size        Decimal Bytes (Attributes)
--------------------------------        ----        ----        ------- ----- ------------
_INITIALIZER                        00003B76    0000001A =          26. bytes (REL,CON)

      Value  Global                              Global Defined In Module
      -----  --------------------------------   ------------------------
ASxxxx Linker V03.00/V05.40 + sdld,  page 38.
Hexadecimal  [32-Bits]

Area                                    Addr        Size        Decimal Bytes (Attributes)
--------------------------------        ----        ----        ------- ----- ------------
_GSINIT                             00003B90    00000027 =          39. bytes (REL,CON)

      Value  Global                              Global Defined In Module
      -----  --------------------------------   ------------------------
     00003B90  gsinit                             Runtime

ASxxxx Linker V03.00/V05.40 + sdld,  page 39.
Hexadecimal  [32-Bits]

Area                                    Addr        Size        Decimal Bytes (Attributes)
--------------------------------        ----        ----        ------- ----- ------------
_GSFINAL                            00003BB7    00000001 =           1. bytes (REL,CON)

      Value  Global                              Global Defined In Module
      -----  --------------------------------   ------------------------
ASxxxx Linker V03.00/V05.40 + sdld,  page 40.
Hexadecimal  [32-Bits]

Area                                    Addr        Size        Decimal Bytes (Attributes)
--------------------------------        ----        ----        ------- ----- ------------
_DATA                               0000C0A0    00001992 =        6546. bytes (REL,CON)

      Value  Global                              Global Defined In Module
      -----  --------------------------------   ------------------------
     0000C0A0  __cpu                              Runtime
     0000C0A1  __is_GBA                           Runtime
     0000C0A2  .mode                              Runtime
     0000C0A3  .sys_time                          Runtime
     0000C0A3  _sys_time                          Runtime
     0000C0A5  .int_0x40                          Runtime
     0000C0B1  _actors                            actor
     0000C4F5  _actors_active_head                actor
     0000C4F7  _actors_active_tail                actor
     0000C4F9  _actors_inactive_head              actor
     0000C4FB  _screen_x                          actor
     0000C4FC  _screen_y                          actor
     0000C4FD  _invalid                           actor
     0000C4FF  _player_moving                     actor
     0000C500  _player_iframes                    actor
     0000C501  _player_collision_actor            actor
     0000C503  _emote_actor                       actor
     0000C505  _emote_timer                       actor
     0000C506  _allocated_sprite_tiles            actor
     0000C507  _allocated_hardware_sprites        actor
     0000C513  _camera_x                          camera
     0000C515  _camera_y                          camera
     0000C517  _camera_offset_x                   camera
     0000C518  _camera_offset_y                   camera
     0000C519  _camera_deadzone_x                 camera
     0000C51A  _camera_deadzone_y                 camera
     0000C51B  _camera_settings                   camera
     0000C51F  _current_scene                     data_manager
     0000C522  _image_bank                        data_manager
     0000C523  _image_ptr                         data_manager
     0000C525  _image_attr_bank                   data_manager
     0000C526  _image_attr_ptr                    data_manager
     0000C528  _collision_bank                    data_manager
     0000C529  _collision_ptr                     data_manager
     0000C52B  _image_tile_width                  data_manager
     0000C52C  _image_tile_height                 data_manager
     0000C52D  _image_width                       data_manager
     0000C52F  _image_height                      data_manager
     0000C531  _sprites_len                       data_manager
     0000C532  _actors_len                        data_manager
     0000C533  _projectiles_len                   data_manager
     0000C534  _player_sprite_len                 data_manager
     0000C535  _scene_type                        data_manager
     0000C536  _scene_LCD_type                    data_manager
     0000C537  _scene_stack                       data_manager
     0000C577  _scene_stack_ptr                   data_manager
     0000C579  _scene_sprites_base_tiles          data_manager
     0000C5B9  _input_events                      events
     0000C5E1  _input_slots                       events
     0000C5E9  _timer_events                      events
ASxxxx Linker V03.00/V05.40 + sdld,  page 41.
Hexadecimal  [32-Bits]

Area                                    Addr        Size        Decimal Bytes (Attributes)
--------------------------------        ----        ----        ------- ----- ------------
_DATA                               0000C0A0    00001992 =        6546. bytes (REL,CON)

      Value  Global                              Global Defined In Module
      -----  --------------------------------   ------------------------
     0000C5FD  _timer_values                      events
     0000C605  _fade_running                      fade_manager
     0000C606  _fade_frames_per_step              fade_manager
     0000C607  _fade_timer                        fade_manager
     0000C60F  _joypads                           input
     0000C614  _frame_joy                         input
     0000C615  _last_joy                          input
     0000C616  _recent_joy                        input
     0000C617  _SIO_status                        
     0000C618  _link_byte_sent                    
     0000C619  _link_next_mode                    
     0000C61A  _save_blob_size                    load_save
     0000C61C  _routine_queue                     music_manager
     0000C620  _routine_queue_head                music_manager
     0000C621  _routine_queue_tail                music_manager
     0000C622  _music_events                      music_manager
     0000C636  _music_current_track_bank          music_manager
     0000C637  _music_mute_mask                   music_manager
     0000C638  _music_effective_mute              music_manager
     0000C639  _music_next_track                  music_manager
     0000C63B  _music_current_track               music_manager
     0000C63D  _music_play_isr_counter            music_manager
     0000C63E  _music_play_isr_pause              music_manager
     0000C63F  _music_global_mute_mask            music_manager
     0000C640  _music_sfx_priority                music_manager
     0000C641  _DMG_palette                       palette
     0000C644  _SprPalette                        palette
     0000C684  _parallax_rows                     parallax
     0000C696  _parallax_row                      parallax
     0000C698  _projectiles                       projectiles
     0000C751  _projectile_defs                   projectiles
     0000C7C4  _projectiles_active_head           projectiles
     0000C7C6  _projectiles_inactive_head         projectiles
     0000C7CD  _scroll_x                          scroll
     0000C7CF  _scroll_y                          scroll
     0000C7D1  _draw_scroll_x                     scroll
     0000C7D3  _draw_scroll_y                     scroll
     0000C7D5  _scroll_x_max                      scroll
     0000C7D7  _scroll_y_max                      scroll
     0000C7D9  _scroll_offset_x                   scroll
     0000C7DA  _scroll_offset_y                   scroll
     0000C7DB  _pending_h_x                       scroll
     0000C7DC  _pending_h_y                       scroll
     0000C7DD  _pending_h_i                       scroll
     0000C7DE  _pending_w_x                       scroll
     0000C7DF  _pending_w_y                       scroll
     0000C7E0  _pending_w_i                       scroll
     0000C7E1  _current_row                       scroll
     0000C7E3  _new_row                           scroll
     0000C7E5  _current_col                       scroll
     0000C7E7  _new_col                           scroll
ASxxxx Linker V03.00/V05.40 + sdld,  page 42.
Hexadecimal  [32-Bits]

Area                                    Addr        Size        Decimal Bytes (Attributes)
--------------------------------        ----        ----        ------- ----- ------------
_DATA                               0000C0A0    00001992 =        6546. bytes (REL,CON)

      Value  Global                              Global Defined In Module
      -----  --------------------------------   ------------------------
     0000C7E9  .image_tile_width                  
     0000C7EA  _sfx_play_bank                     sfx_player
     0000C7EB  _sfx_play_sample                   sfx_player
     0000C7ED  _sfx_frame_skip                    sfx_player
     0000C7EE  _link_operation_mode               sio
     0000C7EF  _link_packet                       sio
     0000C80F  _link_packet_len                   sio
     0000C810  _link_packet_ptr                   sio
     0000C812  _link_packet_received              sio
     0000C813  _link_packet_snd_len               sio
     0000C814  _link_packet_snd_ptr               sio
     0000C816  _link_packet_sent                  sio
     0000C817  __is_CGB                           system
     0000C818  __is_SGB                           system
     0000C819  __current_ram_bank                 system
     0000C81A  _triggers                          trigger
     0000C912  _last_trigger_tx                   trigger
     0000C913  _last_trigger_ty                   trigger
     0000C914  _last_trigger                      trigger
     0000C915  _win_pos_x                         ui
     0000C916  _win_dest_pos_x                    ui
     0000C917  _win_pos_y                         ui
     0000C918  _win_dest_pos_y                    ui
     0000C919  _win_speed                         ui
     0000C91A  _text_drawn                        ui
     0000C91B  _current_text_speed                ui
     0000C91C  _text_wait                         ui
     0000C91D  _text_options                      ui
     0000C91E  _text_in_speed                     ui
     0000C91F  _text_out_speed                    ui
     0000C920  _text_draw_speed                   ui
     0000C921  _text_ff_joypad                    ui
     0000C922  _text_ff                           ui
     0000C923  _text_bkg_fill                     ui
     0000C924  _ui_text_data                      ui
     0000CA2E  _vwf_current_mask                  ui
     0000CA2F  _vwf_current_rotate                ui
     0000CA30  _vwf_inverse_map                   ui
     0000CA31  _vwf_direction                     ui
     0000CA32  _vwf_current_font_desc             ui
     0000CA3A  _vwf_current_font_bank             ui
     0000CA3B  _vwf_current_font_idx              ui
     0000CA3C  _text_render_base_addr             ui
     0000CA3E  _text_scroll_addr                  ui
[...]
                                          [ bg_hagreveal_tileset ]
C:/tmp/_gbsbuild/obj/bg_hagreveal.rel     [ bg_hagreveal ]
C:/tmp/_gbsbuild/obj/bg_landing_tileset.rel
                                          [ bg_landing_tileset ]
C:/tmp/_gbsbuild/obj/bg_landing.rel       [ bg_landing ]
C:/tmp/_gbsbuild/obj/bg_monkey_fall_falling_tileset.rel
                                          [ bg_monkey_fall_falling_tileset ]
C:/tmp/_gbsbuild/obj/bg_monkey_fall_falling.rel
                                          [ bg_monkey_fall_falling ]
C:/tmp/_gbsbuild/obj/bg_monkey_fall_final_tileset.rel
                                          [ bg_monkey_fall_final_tileset ]
C:/tmp/_gbsbuild/obj/bg_monkey_fall_final.rel
                                          [ bg_monkey_fall_final ]
C:/tmp/_gbsbuild/obj/bg_pause_screen_tileset.rel
                                          [ bg_pause_screen_tileset ]
C:/tmp/_gbsbuild/obj/bg_pause_screen.rel  [ bg_pause_screen ]
C:/tmp/_gbsbuild/obj/bg_picnic_tileset.rel
                                          [ bg_picnic_tileset ]
C:/tmp/_gbsbuild/obj/bg_picnic.rel        [ bg_picnic ]
C:/tmp/_gbsbuild/obj/bg_placeholder_tilemap.rel
                                          [ bg_placeholder_tilemap ]
C:/tmp/_gbsbuild/obj/bg_placeholder_tileset.rel
                                          [ bg_placeholder_tileset ]
C:/tmp/_gbsbuild/obj/bg_placeholder.rel   [ bg_placeholder ]
C:/tmp/_gbsbuild/obj/bg_platform_w_monke_tileset.rel
                                          [ bg_platform_w_monke_tileset ]
C:/tmp/_gbsbuild/obj/bg_platform_w_monke.rel
                                          [ bg_platform_w_monke ]
C:/tmp/_gbsbuild/obj/bg_skeleton_back_tilemap_attr.rel
                                          [ bg_skeleton_back_tilemap_attr ]
C:/tmp/_gbsbuild/obj/bg_skeleton_back_tilemap.rel
                                          [ bg_skeleton_back_tilemap ]
C:/tmp/_gbsbuild/obj/bg_skeleton_back_tileset.rel
                                          [ bg_skeleton_back_tileset ]
C:/tmp/_gbsbuild/obj/bg_skeleton_back.rel
                                          [ bg_skeleton_back ]
C:/tmp/_gbsbuild/obj/bg_skeleton_tilemap.rel
                                          [ bg_skeleton_tilemap ]
C:/tmp/_gbsbuild/obj/bg_skeleton_tileset.rel
                                          [ bg_skeleton_tileset ]
C:/tmp/_gbsbuild/obj/bg_skeleton.rel      [ bg_skeleton ]
C:/tmp/_gbsbuild/obj/bg_start_screen_tileset.rel
                                          [ bg_start_screen_tileset ]
C:/tmp/_gbsbuild/obj/bg_start_screen.rel  [ bg_start_screen ]
C:/tmp/_gbsbuild/obj/bg_tentacle_bio_02_tilemap_attr.rel
                                          [ bg_tentacle_bio_02_tilemap_attr ]
C:/tmp/_gbsbuild/obj/bg_tentacle_bio_02_tilemap.rel
                                          [ bg_tentacle_bio_02_tilemap ]
C:/tmp/_gbsbuild/obj/bg_tentacle_bio_02_tileset.rel
                                          [ bg_tentacle_bio_02_tileset ]
C:/tmp/_gbsbuild/obj/bg_tentacle_bio_02.rel
                                          [ bg_tentacle_bio_02 ]
C:/tmp/_gbsbuild/obj/bg_to_the_rope_you_go_tileset.rel
                                          [ bg_to_the_rope_you_go_tileset ]
C:/tmp/_gbsbuild/obj/bg_to_the_rope_you_go.rel
                                          [ bg_to_the_rope_you_go ]
C:/tmp/_gbsbuild/obj/bg_tower_tilemap.rel
                                          [ bg_tower_tilemap ]
C:/tmp/_gbsbuild/obj/bg_tower_tileset.rel
                                          [ bg_tower_tileset ]
C:/tmp/_gbsbuild/obj/bg_tower.rel         [ bg_tower ]
C:/tmp/_gbsbuild/obj/bg_towerin_wip_tilemap.rel
                                          [ bg_towerin_wip_tilemap ]
C:/tmp/_gbsbuild/obj/bg_towerin_wip_tileset.rel
                                          [ bg_towerin_wip_tileset ]
C:/tmp/_gbsbuild/obj/bg_towerin_wip.rel   [ bg_towerin_wip ]
C:/tmp/_gbsbuild/obj/bg_towertop_wip_tilemap.rel
                                          [ bg_towertop_wip_tilemap ]
C:/tmp/_gbsbuild/obj/bg_towertop_wip_tileset.rel
                                          [ bg_towertop_wip_tileset ]
C:/tmp/_gbsbuild/obj/bg_towertop_wip.rel  [ bg_towertop_wip ]
C:/tmp/_gbsbuild/obj/bg_woman_creeping_tileset.rel
                                          [ bg_woman_creeping_tileset ]
C:/tmp/_gbsbuild/obj/bg_woman_creeping.rel
                                          [ bg_woman_creeping ]
C:/tmp/_gbsbuild/obj/cursor_image.rel     [ cursor_image ]
C:/tmp/_gbsbuild/obj/font_gbs_mono.rel    [ font_gbs_mono ]
C:/tmp/_gbsbuild/obj/frame_image.rel      [ frame_image ]
C:/tmp/_gbsbuild/obj/game_signature.rel   [ game_signature ]
C:/tmp/_gbsbuild/obj/palette_0.rel        [ palette_0 ]
C:/tmp/_gbsbuild/obj/palette_1.rel        [ palette_1 ]
C:/tmp/_gbsbuild/obj/palette_2.rel        [ palette_2 ]
C:/tmp/_gbsbuild/obj/scene_0_actors.rel   [ scene_0_actors ]
C:/tmp/_gbsbuild/obj/scene_0_collisions.rel
                                          [ scene_0_collisions ]
C:/tmp/_gbsbuild/obj/scene_0_init.rel     [ scene_0_init ]
C:/tmp/_gbsbuild/obj/scene_0_sprites.rel  [ scene_0_sprites ]
C:/tmp/_gbsbuild/obj/scene_0_triggers.rel
                                          [ scene_0_triggers ]
C:/tmp/_gbsbuild/obj/scene_0.rel          [ scene_0 ]
C:/tmp/_gbsbuild/obj/scene_1_collisions.rel
                                          [ scene_1_collisions ]
C:/tmp/_gbsbuild/obj/scene_1_init.rel     [ scene_1_init ]
C:/tmp/_gbsbuild/obj/scene_1_triggers.rel
                                          [ scene_1_triggers ]
C:/tmp/_gbsbuild/obj/scene_1.rel          [ scene_1 ]
C:/tmp/_gbsbuild/obj/scene_10_actors.rel  [ scene_10_actors ]
C:/tmp/_gbsbuild/obj/scene_10_collisions.rel
                                          [ scene_10_collisions ]
C:/tmp/_gbsbuild/obj/scene_10_init.rel    [ scene_10_init ]
C:/tmp/_gbsbuild/obj/scene_10_p_hit1.rel  [ scene_10_p_hit1 ]
C:/tmp/_gbsbuild/obj/scene_10_projectiles.rel
                                          [ scene_10_projectiles ]
C:/tmp/_gbsbuild/obj/scene_10_sprites.rel
                                          [ scene_10_sprites ]
C:/tmp/_gbsbuild/obj/scene_10.rel         [ scene_10 ]
C:/tmp/_gbsbuild/obj/scene_11_collisions.rel
                                          [ scene_11_collisions ]
C:/tmp/_gbsbuild/obj/scene_11_init.rel    [ scene_11_init ]
C:/tmp/_gbsbuild/obj/scene_11.rel         [ scene_11 ]
C:/tmp/_gbsbuild/obj/scene_12_actors.rel  [ scene_12_actors ]
C:/tmp/_gbsbuild/obj/scene_12_collisions.rel
                                          [ scene_12_collisions ]
C:/tmp/_gbsbuild/obj/scene_12_init.rel    [ scene_12_init ]
C:/tmp/_gbsbuild/obj/scene_12_p_hit1.rel  [ scene_12_p_hit1 ]
C:/tmp/_gbsbuild/obj/scene_12_projectiles.rel
                                          [ scene_12_projectiles ]
C:/tmp/_gbsbuild/obj/scene_12_sprites.rel
                                          [ scene_12_sprites ]
C:/tmp/_gbsbuild/obj/scene_12_triggers.rel
                                          [ scene_12_triggers ]
C:/tmp/_gbsbuild/obj/scene_12.rel         [ scene_12 ]
C:/tmp/_gbsbuild/obj/scene_13_actors.rel  [ scene_13_actors ]
C:/tmp/_gbsbuild/obj/scene_13_collisions.rel
                                          [ scene_13_collisions ]
C:/tmp/_gbsbuild/obj/scene_13_init.rel    [ scene_13_init ]
C:/tmp/_gbsbuild/obj/scene_13_sprites.rel
                                          [ scene_13_sprites ]
C:/tmp/_gbsbuild/obj/scene_13.rel         [ scene_13 ]
C:/tmp/_gbsbuild/obj/scene_14_collisions.rel
                                          [ scene_14_collisions ]
C:/tmp/_gbsbuild/obj/scene_14_init.rel    [ scene_14_init ]
C:/tmp/_gbsbuild/obj/scene_14.rel         [ scene_14 ]
C:/tmp/_gbsbuild/obj/scene_15_actors.rel  [ scene_15_actors ]
C:/tmp/_gbsbuild/obj/scene_15_collisions.rel
                                          [ scene_15_collisions ]
C:/tmp/_gbsbuild/obj/scene_15_init.rel    [ scene_15_init ]
C:/tmp/_gbsbuild/obj/scene_15_p_hit1.rel  [ scene_15_p_hit1 ]
C:/tmp/_gbsbuild/obj/scene_15_projectiles.rel
                                          [ scene_15_projectiles ]
C:/tmp/_gbsbuild/obj/scene_15_sprites.rel
                                          [ scene_15_sprites ]
C:/tmp/_gbsbuild/obj/scene_15_triggers.rel
                                          [ scene_15_triggers ]
C:/tmp/_gbsbuild/obj/scene_15.rel         [ scene_15 ]
C:/tmp/_gbsbuild/obj/scene_16_actors.rel  [ scene_16_actors ]
C:/tmp/_gbsbuild/obj/scene_16_collisions.rel
                                          [ scene_16_collisions ]
C:/tmp/_gbsbuild/obj/scene_16_init.rel    [ scene_16_init ]
C:/tmp/_gbsbuild/obj/scene_16_p_hit1.rel  [ scene_16_p_hit1 ]
C:/tmp/_gbsbuild/obj/scene_16_projectiles.rel
                                          [ scene_16_projectiles ]
C:/tmp/_gbsbuild/obj/scene_16_sprites.rel
                                          [ scene_16_sprites ]
C:/tmp/_gbsbuild/obj/scene_16.rel         [ scene_16 ]
C:/tmp/_gbsbuild/obj/scene_17_collisions.rel
                                          [ scene_17_collisions ]
C:/tmp/_gbsbuild/obj/scene_17_init.rel    [ scene_17_init ]
C:/tmp/_gbsbuild/obj/scene_17_triggers.rel
                                          [ scene_17_triggers ]
C:/tmp/_gbsbuild/obj/scene_17.rel         [ scene_17 ]
C:/tmp/_gbsbuild/obj/scene_19_collisions.rel
                                          [ scene_19_collisions ]
C:/tmp/_gbsbuild/obj/scene_19_init.rel    [ scene_19_init ]
C:/tmp/_gbsbuild/obj/scene_19.rel         [ scene_19 ]
C:/tmp/_gbsbuild/obj/scene_20_collisions.rel
                                          [ scene_20_collisions ]
C:/tmp/_gbsbuild/obj/scene_20_init.rel    [ scene_20_init ]
C:/tmp/_gbsbuild/obj/scene_20.rel         [ scene_20 ]
C:/tmp/_gbsbuild/obj/scene_22_collisions.rel
                                          [ scene_22_collisions ]
C:/tmp/_gbsbuild/obj/scene_22_init.rel    [ scene_22_init ]
C:/tmp/_gbsbuild/obj/scene_22.rel         [ scene_22 ]
C:/tmp/_gbsbuild/obj/scene_23_collisions.rel
                                          [ scene_23_collisions ]
C:/tmp/_gbsbuild/obj/scene_23_init.rel    [ scene_23_init ]
C:/tmp/_gbsbuild/obj/scene_23.rel         [ scene_23 ]
C:/tmp/_gbsbuild/obj/scene_24_collisions.rel
                                          [ scene_24_collisions ]
C:/tmp/_gbsbuild/obj/scene_24_init.rel    [ scene_24_init ]
C:/tmp/_gbsbuild/obj/scene_24.rel         [ scene_24 ]
C:/tmp/_gbsbuild/obj/scene_25_collisions.rel
                                          [ scene_25_collisions ]
C:/tmp/_gbsbuild/obj/scene_25_init.rel    [ scene_25_init ]
C:/tmp/_gbsbuild/obj/scene_25.rel         [ scene_25 ]
C:/tmp/_gbsbuild/obj/scene_26_collisions.rel
                                          [ scene_26_collisions ]
C:/tmp/_gbsbuild/obj/scene_26_init.rel    [ scene_26_init ]
C:/tmp/_gbsbuild/obj/scene_26.rel         [ scene_26 ]
C:/tmp/_gbsbuild/obj/scene_27_actors.rel  [ scene_27_actors ]
C:/tmp/_gbsbuild/obj/scene_27_collisions.rel
                                          [ scene_27_collisions ]
C:/tmp/_gbsbuild/obj/scene_27_init.rel    [ scene_27_init ]
C:/tmp/_gbsbuild/obj/scene_27_projectiles.rel
                                          [ scene_27_projectiles ]
C:/tmp/_gbsbuild/obj/scene_27_sprites.rel
                                          [ scene_27_sprites ]
C:/tmp/_gbsbuild/obj/scene_27.rel         [ scene_27 ]
C:/tmp/_gbsbuild/obj/scene_28_collisions.rel
                                          [ scene_28_collisions ]
C:/tmp/_gbsbuild/obj/scene_28_init.rel    [ scene_28_init ]
C:/tmp/_gbsbuild/obj/scene_28.rel         [ scene_28 ]
C:/tmp/_gbsbuild/obj/scene_3_collisions.rel
                                          [ scene_3_collisions ]
C:/tmp/_gbsbuild/obj/scene_3_init.rel     [ scene_3_init ]
C:/tmp/_gbsbuild/obj/scene_3_triggers.rel
                                          [ scene_3_triggers ]
C:/tmp/_gbsbuild/obj/scene_3.rel          [ scene_3 ]
C:/tmp/_gbsbuild/obj/scene_4_collisions.rel
                                          [ scene_4_collisions ]
C:/tmp/_gbsbuild/obj/scene_4_init.rel     [ scene_4_init ]
C:/tmp/_gbsbuild/obj/scene_4_triggers.rel
                                          [ scene_4_triggers ]
C:/tmp/_gbsbuild/obj/scene_4.rel          [ scene_4 ]
C:/tmp/_gbsbuild/obj/scene_5_collisions.rel
                                          [ scene_5_collisions ]
C:/tmp/_gbsbuild/obj/scene_5_init.rel     [ scene_5_init ]
C:/tmp/_gbsbuild/obj/scene_5.rel          [ scene_5 ]
C:/tmp/_gbsbuild/obj/scene_6_collisions.rel
                                          [ scene_6_collisions ]
C:/tmp/_gbsbuild/obj/scene_6_init.rel     [ scene_6_init ]
C:/tmp/_gbsbuild/obj/scene_6.rel          [ scene_6 ]
C:/tmp/_gbsbuild/obj/scene_7_collisions.rel
                                          [ scene_7_collisions ]
C:/tmp/_gbsbuild/obj/scene_7_init.rel     [ scene_7_init ]
C:/tmp/_gbsbuild/obj/scene_7.rel          [ scene_7 ]
C:/tmp/_gbsbuild/obj/scene_8_actors.rel   [ scene_8_actors ]
C:/tmp/_gbsbuild/obj/scene_8_collisions.rel
                                          [ scene_8_collisions ]
C:/tmp/_gbsbuild/obj/scene_8_init.rel     [ scene_8_init ]
C:/tmp/_gbsbuild/obj/scene_8_sprites.rel  [ scene_8_sprites ]
C:/tmp/_gbsbuild/obj/scene_8_triggers.rel
                                          [ scene_8_triggers ]
C:/tmp/_gbsbuild/obj/scene_8.rel          [ scene_8 ]
C:/tmp/_gbsbuild/obj/scene_9_collisions.rel
                                          [ scene_9_collisions ]
C:/tmp/_gbsbuild/obj/scene_9_init.rel     [ scene_9_init ]
C:/tmp/_gbsbuild/obj/scene_9.rel          [ scene_9 ]
C:/tmp/_gbsbuild/obj/script_engine_init.rel
                                          [  ]
C:/tmp/_gbsbuild/obj/script_input_0.rel   [ script_input_0 ]
C:/tmp/_gbsbuild/obj/script_timer_0.rel   [ script_timer_0 ]
C:/tmp/_gbsbuild/obj/script_timer_1.rel   [ script_timer_1 ]
C:/tmp/_gbsbuild/obj/script_timer_2.rel   [ script_timer_2 ]
C:/tmp/_gbsbuild/obj/script_timer_3.rel   [ script_timer_3 ]
C:/tmp/_gbsbuild/obj/script_timer_4.rel   [ script_timer_4 ]
C:/tmp/_gbsbuild/obj/sound_legacy_0.rel   [ sound_legacy_0 ]
C:/tmp/_gbsbuild/obj/sound_legacy_1.rel   [ sound_legacy_1 ]
C:/tmp/_gbsbuild/obj/sound_legacy_2.rel   [ sound_legacy_2 ]
C:/tmp/_gbsbuild/obj/sound_legacy_3.rel   [ sound_legacy_3 ]
C:/tmp/_gbsbuild/obj/sprite_actor_animated_tileset.rel
                                          [ sprite_actor_animated_tileset ]
C:/tmp/_gbsbuild/obj/sprite_actor_animated.rel
                                          [ sprite_actor_animated ]
C:/tmp/_gbsbuild/obj/sprite_actor_tileset.rel
                                          [ sprite_actor_tileset ]
C:/tmp/_gbsbuild/obj/sprite_actor.rel     [ sprite_actor ]
C:/tmp/_gbsbuild/obj/sprite_arzach_birb_tileset.rel
                                          [ sprite_arzach_birb_tileset ]
C:/tmp/_gbsbuild/obj/sprite_arzach_birb_with_cav_tileset.rel
                                          [ sprite_arzach_birb_with_cav_tile ]
C:/tmp/_gbsbuild/obj/sprite_arzach_birb_with_cav.rel
                                          [ sprite_arzach_birb_with_cav ]
C:/tmp/_gbsbuild/obj/sprite_arzach_birb.rel
                                          [ sprite_arzach_birb ]
C:/tmp/_gbsbuild/obj/sprite_arzach_tileset.rel
                                          [ sprite_arzach_tileset ]
C:/tmp/_gbsbuild/obj/sprite_arzach.rel    [ sprite_arzach ]
C:/tmp/_gbsbuild/obj/sprite_caveman_tileset.rel
                                          [ sprite_caveman_tileset ]
C:/tmp/_gbsbuild/obj/sprite_caveman.rel   [ sprite_caveman ]
C:/tmp/_gbsbuild/obj/sprite_dangling_caveman_tileset.rel
                                          [ sprite_dangling_caveman_tileset ]
C:/tmp/_gbsbuild/obj/sprite_dangling_caveman.rel
                                          [ sprite_dangling_caveman ]
C:/tmp/_gbsbuild/obj/sprite_hag_tileset.rel
                                          [ sprite_hag_tileset ]
C:/tmp/_gbsbuild/obj/sprite_hag.rel       [ sprite_hag ]
C:/tmp/_gbsbuild/obj/sprite_rock_tileset.rel
                                          [ sprite_rock_tileset ]
C:/tmp/_gbsbuild/obj/sprite_rock.rel      [ sprite_rock ]
C:/tmp/_gbsbuild/obj/sprite_rope_tileset.rel
                                          [ sprite_rope_tileset ]
C:/tmp/_gbsbuild/obj/sprite_rope.rel      [ sprite_rope ]
C:/tmp/_gbsbuild/obj/sprite_tentacles_tileset.rel
                                          [ sprite_tentacles_tileset ]
C:/tmp/_gbsbuild/obj/sprite_tentacles.rel
                                          [ sprite_tentacles ]
C:/tmp/_gbsbuild/obj/spritesheet_none.rel
                                          [ spritesheet_none ]
C:/tmp/_gbsbuild/obj/trigger_0_interact.rel
                                          [ trigger_0_interact ]
C:/tmp/_gbsbuild/obj/trigger_1_interact.rel
                                          [ trigger_1_interact ]
C:/tmp/_gbsbuild/obj/trigger_2_interact.rel
                                          [ trigger_2_interact ]
C:/tmp/_gbsbuild/obj/trigger_3_interact.rel
                                          [ trigger_3_interact ]
C:/tmp/_gbsbuild/obj/trigger_4_interact.rel
                                          [ trigger_4_interact ]
C:/tmp/_gbsbuild/obj/trigger_5_interact.rel
                                          [ trigger_5_interact ]
C:/tmp/_gbsbuild/obj/trigger_6_interact.rel
                                          [ trigger_6_interact ]
C:/tmp/_gbsbuild/obj/trigger_9_interact.rel
                                          [ trigger_9_interact ]
C:/tmp/_gbsbuild/obj/main.rel             [ main ]
C:/tmp/_gbsbuild/obj/adventure.rel        [ adventure ]
C:/tmp/_gbsbuild/obj/logo.rel             [ logo ]
C:/tmp/_gbsbuild/obj/platform.rel         [ platform ]
C:/tmp/_gbsbuild/obj/pointnclick.rel      [ pointnclick ]
C:/tmp/_gbsbuild/obj/shmup.rel            [ shmup ]
C:/tmp/_gbsbuild/obj/states_ptrs.rel      [  ]
C:/tmp/_gbsbuild/obj/topdown.rel          [ topdown ]


Libraries Linked                          [ object file ]

C:\tmp/_gbstools/gbdk/lib/gb/gb.lib       [ fill_rect_wi.o ]
C:\tmp/_gbstools/gbdk/lib/sm83/sm83.lib   [ rand.o ]
lib/hUGEDriver.lib                        [ hUGEDriver.o ]
C:\tmp/_gbstools/gbdk/lib/gb/gb.lib       [ sfr.o ]
C:\tmp/_gbstools/gbdk/lib/gb/gb.lib       [ get_data.o ]
C:\tmp/_gbstools/gbdk/lib/gb/gb.lib       [ get_tile.o ]
C:\tmp/_gbstools/gbdk/lib/gb/gb.lib       [ cgb_palettes.o ]
C:\tmp/_gbstools/gbdk/lib/gb/gb.lib       [ metasprites_hide_spr.o ]
C:\tmp/_gbstools/gbdk/lib/sm83/sm83.lib   [ mul.o ]
C:\tmp/_gbstools/gbdk/lib/gb/gb.lib       [ set_tile.o ]
C:\tmp/_gbstools/gbdk/lib/sm83/sm83.lib   [ abs.o ]
C:\tmp/_gbstools/gbdk/lib/gb/gb.lib       [ set_wi_t.o ]
C:\tmp/_gbstools/gbdk/lib/gb/gb.lib       [ set_data.o ]
C:\tmp/_gbstools/gbdk/lib/sm83/sm83.lib   [ reverse.o ]
C:\tmp/_gbstools/gbdk/lib/gb/gb.lib       [ far_ptr.o ]
C:\tmp/_gbstools/gbdk/lib/gb/gb.lib       [ sgb.o ]
C:\tmp/_gbstools/gbdk/lib/gb/gb.lib       [ lcd.o ]
C:\tmp/_gbstools/gbdk/lib/gb/gb.lib       [ fill_rect.o ]
C:\tmp/_gbstools/gbdk/lib/gb/gb.lib       [ cpy_data.o ]
C:\tmp/_gbstools/gbdk/lib/gb/gb.lib       [ fill_rect_bk.o ]
C:\tmp/_gbstools/gbdk/lib/gb/gb.lib       [ pad.o ]
C:\tmp/_gbstools/gbdk/lib/gb/gb.lib       [ metasprites.o ]
C:\tmp/_gbstools/gbdk/lib/sm83/sm83.lib   [ __sdcc_call_hl.o ]
C:\tmp/_gbstools/gbdk/lib/sm83/sm83.lib   [ memcpy.o ]
C:\tmp/_gbstools/gbdk/lib/sm83/sm83.lib   [ _memset.o ]
C:\tmp/_gbstools/gbdk/lib/gb/gb.lib       [ set_xy_t.o ]
C:\tmp/_gbstools/gbdk/lib/gb/gb.lib       [ ___sdcc_bcall_ehl.o ]
C:\tmp/_gbstools/gbdk/lib/gb/gb.lib       [ cgb.o ]
C:\tmp/_gbstools/gbdk/lib/sm83/sm83.lib   [ div.o ]
C:\tmp/_gbstools/gbdk/lib/gb/gb.lib       [ set_bk_t.o ]

ASxxxx Linker V03.00/V05.40 + sdld,  page 75.

User Base Address Definitions

_DATA=0xC0A0
_CODE=0x0200
ASxxxx Linker V03.00/V05.40 + sdld,  page 76.

User Global Definitions

.STACK=0xDF00
_shadow_OAM=0xC000
.refresh_OAM=0xFF80
__start_save=12

